// Jest Snapshot v1, https://goo.gl/fbAQLP

exports[`AddProduct container test AddProduct contaiiner renders correctly 1`] = `
<form
  className="form-inline"
  id="productForm"
  onSubmit={[Function]}
>
  <div
    className="row"
  >
    <div
      className="input-group mb-2 mr-sm-2"
    >
      <input
        className="form-control"
        name="name"
        onChange={[Function]}
        placeholder="Product name"
        type="text"
        value=""
      />
    </div>
    <div
      className="input-group mb-2 mr-sm-2"
    >
      <input
        className="form-control"
        name="price"
        onChange={[Function]}
        placeholder="Price"
        type="string"
        value=""
      />
    </div>
    <div
      className="input-group mb-2 mr-sm-2"
    >
      <input
        className="form-control"
        name="imgUrl"
        onChange={[Function]}
        placeholder="Product image url"
        type="url"
        value=""
      />
    </div>
    <div
      className="input-group mb-2 mr-sm-2"
    >
      <button
        className="btn btn-primary form-control"
        type="submit"
      >
        Add product
      </button>
    </div>
  </div>
</form>
`;
